Script started on 2023-10-04 14:32:50-04:00
bash-4.4$ nano ~[K[K[K[K[K[Kvim ~/.bashrc
[?2004h[?1049h[22;0;0t[?1h=[?2004h[1;24r[?12h[?12l[27m[23m[29m[m[H[2J[?25l[24;1H"~/.bashrc" [New File][2;1Hâ–½[6n[2;1H  [1;1H[>c]10;?]11;?[2;1H[94m~                                                                               [3;1H~                                                                               [4;1H~                                                                               [5;1H~                                                                               [6;1H~                                                                               [7;1H~                                                                               [8;1H~                                                                               [9;1H~                                                                               [10;1H~                                                                               [11;1H~                                                                               [12;1H~                                                                               [13;1H~                                                                               [14;1H~                                                                               [15;1H~                                                                               [16;1H~                                                                               [17;1H~                                                                               [18;1H~                                                                               [19;1H~                                                                               [20;1H~                                                                               [21;1H~                                                                               [22;1H~                                                                               [23;1H~                                                                               [m[24;63H0,0-1[9CAll[1;1H[?25hP+q436f\P+q6b75\P+q6b64\P+q6b72\P+q6b6c\P+q2332\P+q2334\P+q2569\P+q2a37\P+q6b31\[27m[23m[29m[m[H[2J[?25l[2;1H[94m~                                                                               [3;1H~                                                                               [4;1H~                                                                               [5;1H~                                                                               [6;1H~                                                                               [7;1H~                                                                               [8;1H~                                                                               [9;1H~                                                                               [10;1H~                                                                               [11;1H~                                                                               [12;1H~                                                                               [13;1H~                                                                               [14;1H~                                                                               [15;1H~                                                                               [16;1H~                                                                               [17;1H~                                                                               [18;1H~                                                                               [19;1H~                                                                               [20;1H~                                                                               [21;1H~                                                                               [22;1H~                                                                               [23;1H~                                                                               [m[24;63H0,0-1[9CAll"~/.bashrc" [New File][1;1H[?25h[?25l[24;53Ha[1;1H[24;53H [1;1H[24;1H[1m-- INSERT --[m[24;13H[K[24;63H0,1[11CAll[1;1H[?25h[?25ll[24;63H1,2[1;2H[?25h[?25li[24;65H3[1;3H[?25h[?25la[24;65H4[1;4H[?25h[?25ls[24;65H5[1;5H[?25h[?25l[24;65H6[1;6H[?25h[?25ll[24;65H7[1;7H[?25h[?25l[1;6H[K[24;65H6[1;6H[?25h[?25l[24;65H5[1;5H[?25h[?25l[1;4H[K[24;65H4[1;4H[?25h[?25l[1;3H[K[24;65H3[1;3H[?25h[?25l[1;2H[K[24;65H2[1;2H[?25h[?25l[1;1H[K[24;65H1[1;1H[?25h[?25la[24;65H2[1;2H[?25h[?25ll[24;65H3[1;3H[?25h[?25li[24;65H4[1;4H[?25h[?25la[24;65H5[1;5H[?25h[?25l[93malias[m[24;65H6[1;6H[?25h[?25l[24;65H7[1;7H[?25h[?25ll[24;65H8[1;8H[?25h[?25l[1m[96ml[m=[24;65H9[1;9H[?25h[?25l[93m"[m[24;65H10[1;10H[?25h[?25l[95ml[m[24;66H1[1;11H[?25h[?25l[95ms[m[24;66H2[1;12H[?25h[?25l[95m [m[24;66H3[1;13H[?25h[?25l[95m-[m[24;66H4[1;14H[?25h[?25l[95ml[m[24;66H5[1;15H[?25h[?25l[95mr[m[24;66H6[1;16H[?25h[?25l[1;15H[K[24;66H5[1;15H[?25h[?25l[95mt[m[24;66H6[1;16H[?25h[?25l[95mr[m[24;66H7[1;17H[?25h[?25l[93m"[m[24;66H8[1;18H[?25h[?25l[2;1H[K[24;63H2,1 [2;1H[?25h[?25la[24;65H2[2;2H[?25h[?25ll[24;65H3[2;3H[?25h[?25li[24;65H4[2;4H[?25h[?25la[24;65H5[2;5H[?25h[?25l[93malias[m[24;65H6[2;6H[?25h[?25l[24;65H7[2;7H[?25h[?25lw[24;65H8[2;8H[?25h[?25l[1m[96mw[m=[24;65H9[2;9H[?25h[?25l[93m"[m[24;65H10[2;10H[?25h[?25l[95ml[m[24;66H1[2;11H[?25h[?25l[95ms[m[24;66H2[2;12H[?25h[?25l[95m [m[24;66H3[2;13H[?25h[?25l[95m-[m[24;66H4[2;14H[?25h[?25l[95ml[m[24;66H5[2;15H[?25h[?25l[95m [m[24;66H6[2;16H[?25h[?25l[95m|[m[24;66H7[2;17H[?25h[?25l[95m [m[24;66H8[2;18H[?25h[?25l[95mw[m[24;66H9[2;19H[?25h[?25l[95me[m[24;65H20[2;20H[?25h[?25l[2;19H[K[24;65H19[2;19H[?25h[?25l[95mc[m[24;65H20[2;20H[?25h[?25l[93m"[m[24;66H1[2;21H[?25h[?25l[3;1H[K[24;63H3,1 [3;1H[?25h[24;1H[K[3;1H[?25l[24;53H^[[3;1H[24;53H  [3;1H[24;63H3,0-1[9CAll[3;1H[?25h[?25l[24;53H:[3;1H[24;53H[K[24;1H:[?2004h[?25hw[?25l[?25hq[?25l[?25h[?25l[24;3H[K[24;3H[?25h[?25l"~/.bashrc" [New] 3L, 40C written[3;1H[24;63H3,0-1[9CAll[24;63H[K[24;63H3,0-1[9CAll[3;1H[?25h[?25l[24;53H:[3;1H[24;1H[K[24;1H:[?2004h[?25hw[?25l[?25hq[?25l[?25h[?25l[?2004l"~/.bashrc" 3L, 40C written
[?2004l[?1l>[?25h[?1049l[23;0;0tbash-4.4$ source ~/.bashrc
bash-4.4$ l
total 200
-rw-rw-r-- 1 junf23 junf23      0 Oct  2 19:24  sample.txt
-rw-rw-r-- 1 junf23 junf23 200279 Oct  4 14:32 'Global YouTube Statistics.csv'
-rw-rw-r-- 1 junf23 junf23   4096 Oct  4 14:40  ws4.txt
bash-4.4$ w
      4      31     200
bash-4.4$ mkdir Subscrie[Kbers
bash-4.4$ ls
'Global YouTube Statistics.csv'   sample.txt   Subscribers   ws4.txt
bash-4.4$ pwd[K[K[Kcs[Kd Subscribers
bash-4.4$ pwd
/mnt/scratch/FA23_CS131_Ashish/junf23/cs131/Work/Worksheet4/Subscribers
bash-4.4$ cd ..
bash-4.4$ ls[K
total 204
-rw-rw-r-- 1 junf23 junf23      0 Oct  2 19:24  sample.txt
-rw-rw-r-- 1 junf23 junf23 200279 Oct  4 14:32 'Global YouTube Statistics.csv'
-rw-rw-r-- 1 junf23 junf23   4096 Oct  4 14:40  ws4.txt
drwxrwxr-x 2 junf23 junf23   4096 Oct  4 14:42  Subscribers
bash-4.4$ grep "United States" Global Youtu[K[KTube Statistics.csv | cut -d',' -f3>[K > m [A[C[C[C[C[C[C[C[C[C[C[C[C[C[C[C[C[C[C[C[C[C[C[C[C[C[C[C[C[C[C[C[C[C[C[C[C[C[C[C[C[C[C[C[C[C[C[C[C[C[C[C[C[C[C[C[C[C[C[C[C[C[C[C[C[C[C[C[C[C[C[C[C[C[C[C[C[C[C[C[K
[K[A[C[C[C[C[C[C[C[C[C[C[C[C[C[C[C[C[C[C[C[C[C[C[C[C[C[C[C[C[C[C[C[C[C[C[C[C[C[C[C[C[C[C[C[C[C[C[C[C[C[C[C[C[C[C[C[C[C[C[C[C[C[C[C[C[C[C[C[C[C[C[C[C[C[C[C[C[C[C[C[K / mnt/scratch/FA23_CS131_Ashish/junf23/cs131/Work/Worksheet4/Subscribers/Subscribe rs/Unites[Kd_States.txt
bash: /mnt/scratch/FA23_CS131_Ashish/junf23/cs131/Work/Worksheet4/Subscribers/Subscribers/United_States.txt: No such file or directory
grep: Global: No such file or directory
grep: YouTube: No such file or directory
grep: Statistics.csv: No such file or directory
bash-4.4$ grep "United States" Global YouTube Statistics.csv | cut -d',' -f3 > /mmnt/scratch/FA23_CS131_Ashish/junf23/cs131/Work/Worksheet4/Subscribers/Subscriberrs/United_States.txt[A[C[C[C[C[C[C[C[C[C[C[C[C[C[C[C[C[C[C[C[C[C[C[C[C[C[C[C[C[C[C[C[C[C[C[C[C[C[C[C[C[C[C[C[C[C[C[C[C[C[C[C[C[C[C[C[C[C[C[C[C[C[C[C[C[C[C[C[C[C[C[C[C[C[C[C[C[C[C[C[A[C[C[C[C[C[C[C[C[C[C[C[C[C[C[C[C[C[C[C[C[C[C[C[C[C[C[C[C[C[C[C[C[C[C[C[C[C[C[C[C[C[C[C[C[C[C[C[C[C[C[C[C[C[C[C[C[C[C[C[C[C[C[C[C[C[C[C[C[C[C[C[C[C[C[C[C[C[C[C[CStatistics.csv | cut -d',' -f3 > /mnt/scratch/FA23_CS131_Ashish/junf23/cs131/Work/Worksheet4/Subscribers/Subscribers[1P/United_States.txt[A[A[C[C[C[C[C[C[C[C[C[C[C[C[C[C[C[C[C[C[C[C[C[C[C[C[C[C$Statistics.csv | cut -d',' -f3 > /mnt/scratch/FA23_CS131_Ashish/junf23/cs131/Work/Worksheet4/Subscribers/Subscribers/United_States.txt[A[A[C[C[C[C[C[C[C[C[C[C[C[C[C[C[C[C[C[C[C[C[C[C[C[C[C[C[CYouTube$Statistics.csv | cut -d',' -f3 > /mnt/scratch/FA23_CS131_Ashish/junf23/cs131/Work/Worksheet4/Subscribers/Subscribers[1P/United_States.txt[A[A[C[C[C[C[C[C[C[C[C[C[C[C[C[C[C[C[C[C$YouTube$Statistics.csv | cut -d',' -f3 > /mnt/scratch/FA23_CS131_Ashish/junf23/cs131/Work/Worksheet4/Subscribers/Subscribers/United_States.txt[A[A[C[C[C[C[C[C[C[C[C[C[C[C[C[C[C[C[C[C


bash: /mnt/scratch/FA23_CS131_Ashish/junf23/cs131/Work/Worksheet4/Subscribers/Subscribers/United_States.txt: No such file or directory
grep: Global.csv: No such file or directory
bash-4.4$ grep "United States" Global$YouTube$Statistics.csv | cut -d',' -f3 > /mmnt/scratch/FA23_CS131_Ashish/junf23/cs131/Work/Worksheet4/Subscribers/Subscriberrs/United_States.txt[A[A[K
[K
[K[A[A[C[C[C[C[C[C[C[C[C[Cgrep "United States" Global$YouTube$Statistics.csv | cut -d',' -f3 > /mmnt/scratch/FA23_CS131_Ashish/junf23/cs131/Work/Worksheet4/Subscribers/Subscriberrs/United_States.txt[A[A[C[C[C[C[C[C[C[C[C[C[C[C[C[C[C[C[C YouTube 

[C[C[C[C[C[C[C[C[C[C[C[C[C[C[C[C[C[C[C[C[A[Al[K
[K
[K[A[A[C[C[C[C[C[C[C[C[C[C[Ccd ..[2Ppwdcd Subscribers[C[C[C[C[C[C[C[C[C[Cls[Kmkdir Subscribers[C[C[C[C[C[C[C[C[C[Cw[Klsource ~/.bashrc[C[C[C[C[C[C[C[C[C[C[3Pvim[C[C[C[C[C[C[C[C[C[C[C[C[C[C[C[C[C[C[C[Cwc[Kls -l | wcnano ~/.bashrc[C[C[C[C[C[C[C[C[C[C[5P~/.bashrcls[Kcd Worksheet4[C[C[C[C[C[C[C[C[C[Cls[Kcd Workls[Kcd cs131ls[Kcd .ls -altr[K$HOME[3Plsdatetimedate[2Pls$HOMEls -ltr[2Pa[1Pcd .[2Plscd cs131ls[Kcd Workls[Kcd Worksheet4[C[C[C[C[C[C[C[C[C[Cls[K~/.bashrcnano ~/.bashrc[C[C[C[C[C[C[C[C[C[C[4Pls -l | wcwc[Kvim ~/.bashrc[C[C[C[C[C[C[C[C[C[C[3@source[C[C[C[C[C[C[C[C[C[C[C[C[C[C[C[C[C[C[C[Cl[Kwmkdir Subscribers[C[C[C[C[C[C[C[C[C[Cls[Kcd Subscribers[C[C[C[C[C[C[C[C[C[Cpwd[Kcd ..l[Kgrep "United States" Global YouTube Statistics.csv | cut -d',' -f3 > /mmnt/scratch/FA23_CS131_Ashish/junf23/cs131/Work/Worksheet4/Subscribers/Subscriberrs/United_States.txt[A[C[C[C[C[C[C[C[C[C[C[C[C[C[C[C[C[C[C[C[C[C[C[C[C[C[C[C[C[C[C[C[C[C[C[C[C[C[C[C[C[C[C[C[C[C[C[C[C[C[C[C[C[C[C[C[C[C[C[C[C[C[C[C[C[C[C[C[C[C[C[C[C[C[C[C[C[C[C[C[A[C[C[C[C[C[C[C[C[C[C[C[C[C[C[C[C[C[C[C[C[C[C[C[C[C[C[C[C[C[C[C[C[C[C[C[C[C[C[C[C[C[C[C[C[C[C[C[C[C[C[C[C[C[C[C[C[C[C[C[C[C[C[C[C[C[C[C[C[C[C[C[C[C[C[C[C[C[C[C[C[C[C[CStatistics.csv | cut -d',' -f3 > /mnt/scratch/FA23_CS131_Ashish/junf23/cs131/Work/Worksheet4/Subscribers/Subscribers[1P/United_States.txt[A[A[C[C[C[C[C[C[C[C[C[C[C[C[C[C[C[C[C[C[C[C[C[C[C[C[C[C%Statistics.csv | cut -d',' -f3 > /mnt/scratch/FA23_CS131_Ashish/junf23/cs131/Work/Worksheet4/Subscribers/Subscribers/United_States.txt[A[A[C[C[C[C[C[C[C[C[C[C[C[C[C[C[C[C[C[C[C[C[C[C[C[C[C[C2Statistics.csv | cut -d',' -f3 > /mnt/scratch/FA23_CS131_Ashish/junf23/cs131/Work/Worksheet4/Subscribers/Subscribers/United_States.txt[A[A[C[C[C[C[C[C[C[C[C[C[C[C[C[C[C[C[C[C[C[C[C[C[C[C[C[C0Statistics.csv | cut -d',' -f3 > /mnt/scratch/FA23_CS131_Ashish/junf23/cs131/Work/Worksheet4/Subscribers/Subscribers/United_States.txt[A[A[C[C[C[C[C[C[C[C[C[C[C[C[C[C[C[C[C[C[C[C[C[C[C[C[C[CYouTube%20Statistics.csv | cut -d',' -f3 > /mnt/scratch/FA23_CS131_Ashish/junf23/cs131/Work/Worksheet4/Subscribers/Subscribe[1Prs/United_States.txt[A[A[C[C[C[C[C[C[C[C[C[C[C[C[C[C[C[C%YouTube%20Statistics.csv | cut -d',' -f3 > /mnt/scratch/FA23_CS131_Ashish/junf23/cs131/Work/Worksheet4/Subscribers/Subscribers/United_States.txt[A[A[C[C[C[C[C[C[C[C[C[C[C[C[C[C[C[C2YouTube%20Statistics.csv | cut -d',' -f3 > /mnt/scratch/FA23_CS131_Ashish/junf23/cs131/Work/Worksheet4/Subscribers/Subscribers/United_States.txt[A[A[C[C[C[C[C[C[C[C[C[C[C[C[C[C[C[C0YouTube%20Statistics.csv | cut -d',' -f3 > /mnt/scratch/FA23_CS131_Ashish/junf23/cs131/Work/Worksheet4/Subscribers/Subscribers/United_States.txt[A[A[C[C[C[C[C[C[C[C[C[C[C[C[C[C[C[C


bash: /mnt/scratch/FA23_CS131_Ashish/junf23/cs131/Work/Worksheet4/Subscribers/Subscribers/United_States.txt: No such file or directory
grep: Global%20YouTube%20Statistics.csv: No such file or directory
bash-4.4$ grep "United States" Global%20YouTube%20Statistics.csv | cut -d',' -f3  > /mnt/scratch/FA23_CS131_Ashish/junf23/cs131/Work/Worksheet4/Subscribers/Subscrribers/United_States.txt[A[C[C[C[C[C[C[C[C[C[C[C[C[C[C[C[C[C[C[C[C[C[C[C[C[C[C[C[C[C[C[C[C[C[C[C[C[C[C[C[C[C[C[C[C[C[C[C[C[C[C[C[C[C[C[C[C[C[C[C[C[C[C[C[C[C[C[C[C[C[C[C[C[C[C[C[C[C[C[C[A[C[C[C[C[C[C[C[C[C[C[C[C[C[C[C[C[C[C[C[C[C[C[C[C[C[C[C[C[C[C[C[C[C[C[C[C[C[C[C[C[C[C[C[C[C[C[C[C[C[C[C[C[C[C[C[C[C[C[C[C[C[C[C[C[C[C[C[C[C[C[C[C[C[C[C[C[C[C[C[C[Cs.csv | cut -d',' -f3 > /mnt/scratch/FA23_CS131_Ashish/junf23/cs131/Work/Worksheet4/Subscribers/Subscri[1Pbers/United_States.txt[A[A[C[C[C[C[C[C[C[C[C[C[C[C[C[C[C[C[C[C[C[C[C[C[C[C[C[C[C[C[C[C[C[C[C[C[Cs.csv | cut -d',' -f3 > /mnt/scratch/FA23_CS131_Ashish/junf23/cs131/Work/Worksheet4/Subscribers/Subscrib[1Pers/United_States.txt[A[A[C[C[C[C[C[C[C[C[C[C[C[C[C[C[C[C[C[C[C[C[C[C[C[C[C[C[C[C[C[C[C[C[C[C[Cs.csv | cut -d',' -f3 > /mnt/scratch/FA23_CS131_Ashish/junf23/cs131/Work/Worksheet4/Subscribers/Subscribe[1Prs/United_States.txt[A[A[C[C[C[C[C[C[C[C[C[C[C[C[C[C[C[C[C[C[C[C[C[C[C[C[C[C[C[C[C[C[C[C[C[C[C.csv | cut -d',' -f3 > /mnt/scratch/FA23_CS131_Ashish/junf23/cs131/Work/Worksheet4/Subscribers/Subscriber[1Ps/United_States.txt[A[A[C[C[C[C[C[C[C[C[C[C[C[C[C[C[C[C[C[C[C[C[C[C[C[C[C[C[C[C[C[C[C[C[C[C[Cs.csv | cut -d',' -f3 > /mnt/scratch/FA23_CS131_Ashish/junf23/cs131/Work/Worksheet4/Subscribers/Subscribers[1P/United_States.txt[A[A[C[C[C[C[C[C[C[C[C[C[C[C[C[C[C[C[C[C[C[C[C[C[C[C[C[C[C[C[C[C[C[C[C[C[Cs.csv | cut -d',' -f3 > /mnt/scratch/FA23_CS131_Ashish/junf23/cs131/Work/Worksheet4/Subscribers/Subscribers/[1PUnited_States.txt[A[A[C[C[C[C[C[C[C[C[C[C[C[C[C[C[C[C[C[C[C[C[C[C[C[C[C[C[C[C[C[C[C[C[C[C[Cs.csv | cut -d',' -f3 > /mnt/scratch/FA23_CS131_Ashish/junf23/cs131/Work/Worksheet4/Subscribers/Subscribers/U[1Pnited_States.txt[A[A[C[C[C[C[C[C[C[C[C[C[C[C[C[C[C[C[C[C[C[C[C[C[C[C[C[C[C[C[C[C[C[C[C[C[Cs.csv | cut -d',' -f3 > /mnt/scratch/FA23_CS131_Ashish/junf23/cs131/Work/Worksheet4/Subscribers/Subscribers/Un[1Pited_States.txt[A[A[C[C[C[C[C[C[C[C[C[C[C[C[C[C[C[C[C[C[C[C[C[C[C[C[C[C[C[C[C[C[C[C[C[C[Cs.csv | cut -d',' -f3 > /mnt/scratch/FA23_CS131_Ashish/junf23/cs131/Work/Worksheet4/Subscribers/Subscribers/Uni[1Pted_States.txt[A[A[C[C[C[C[C[C[C[C[C[C[C[C[C[C[C[C[C[C[C[C[C[C[C[C[C[C[C[C[C[C[C[C[C[C[Cs.csv | cut -d',' -f3 > /mnt/scratch/FA23_CS131_Ashish/junf23/cs131/Work/Worksheet4/Subscribers/Subscribers/Unit[1Ped_States.txt[A[A[C[C[C[C[C[C[C[C[C[C[C[C[C[C[C[C[C[C[C[C[C[C[C[C[C[C[C[C[C[C[C[C[C[C[Cs.csv | cut -d',' -f3 > /mnt/scratch/FA23_CS131_Ashish/junf23/cs131/Work/Worksheet4/Subscribers/Subscribers/Unite[1Pd_States.txt[A[A[C[C[C[C[C[C[C[C[C[C[C[C[C[C[C[C[C[C[C[C[C[C[C[C[C[C[C[C[C[C[C[C[C[C[Cs.csv | cut -d',' -f3 > /mnt/scratch/FA23_CS131_Ashish/junf23/cs131/Work/Worksheet4/Subscribers/Subscribers/United[1P_States.txt[A[A[C[C[C[C[C[C[C[C[C[C[C[C[C[C[C[C[C[C[C[C[C[C[C[C[C[C[C[C[C[C[C[C[C[C[Cs.csv | cut -d',' -f3 > /mnt/scratch/FA23_CS131_Ashish/junf23/cs131/Work/Worksheet4/Subscribers/Subscribers/United_[1PStates.txt[A[A[C[C[C[C[C[C[C[C[C[C[C[C[C[C[C[C[C[C[C[C[C[C[C[C[C[C[C[C[C[C[C[C[C[C[Cs.csv | cut -d',' -f3 > /mnt/scratch/FA23_CS131_Ashish/junf23/cs131/Work/Worksheet4/Subscribers/Subscribers/United_S[1Ptates.txt[A[A[C[C[C[C[C[C[C[C[C[C[C[C[C[C[C[C[C[C[C[C[C[C[C[C[C[C[C[C[C[C[C[C[C[C[Cs.csv | cut -d',' -f3 > /mnt/scratch/FA23_CS131_Ashish/junf23/cs131/Work/Worksheet4/Subscribers/Subscribers/United_St[1Pates.txt[A[A[C[C[C[C[C[C[C[C[C[C[C[C[C[C[C[C[C[C[C[C[C[C[C[C[C[C[C[C[C[C[C[C[C[C[Cs.csv | cut -d',' -f3 > /mnt/scratch/FA23_CS131_Ashish/junf23/cs131/Work/Worksheet4/Subscribers/Subscribers/United_Sta[1Ptes.txt[A[A[C[C[C[C[C[C[C[C[C[C[C[C[C[C[C[C[C[C[C[C[C[C[C[C[C[C[C[C[C[C[C[C[C[C[Cs.csv | cut -d',' -f3 > /mnt/scratch/FA23_CS131_Ashish/junf23/cs131/Work/Worksheet4/Subscribers/Subscribers/United_Stat[1Pes.txt[A[A[C[C[C[C[C[C[C[C[C[C[C[C[C[C[C[C[C[C[C[C[C[C[C[C[C[C[C[C[C[C[C[C[C[C[Cs.csv | cut -d',' -f3 > /mnt/scratch/FA23_CS131_Ashish/junf23/cs131/Work/Worksheet4/Subscribers/Subscribers/United_State[1Ps.txt[A[A[C[C[C[C[C[C[C[C[C[C[C[C[C[C[C[C[C[C[C[C[C[C[C[C[C[C[C[C[C[C[C[C[C[C[Cs.csv | cut -d',' -f3 > /mnt/scratch/FA23_CS131_Ashish/junf23/cs131/Work/Worksheet4/Subscribers/Subscribers/United_States[1P.txt[A[A[C[C[C[C[C[C[C[C[C[C[C[C[C[C[C[C[C[C[C[C[C[C[C[C[C[C[C[C[C[C[C[C[C[C[Cs.csv | cut -d',' -f3 > /mnt/scratch/FA23_CS131_Ashish/junf23/cs131/Work/Worksheet4/Subscribers/Subscribers/United_States.[1Ptxt[A[A[C[C[C[C[C[C[C[C[C[C[C[C[C[C[C[C[C[C[C[C[C[C[C[C[C[C[C[C[C[C[C[C[C[C[Cs.csv | cut -d',' -f3 > /mnt/scratch/FA23_CS131_Ashish/junf23/cs131/Work/Worksheet4/Subscribers/Subscribers/United_States.t[1Pxt[A[A[C[C[C[C[C[C[C[C[C[C[C[C[C[C[C[C[C[C[C[C[C[C[C[C[C[C[C[C[C[C[C[C[C[C[Cs.csv | cut -d',' -f3 > /mnt/scratch/FA23_CS131_Ashish/junf23/cs131/Work/Worksheet4/Subscribers/Subscribers/United_States.tx[1Pt[A[A[C[C[C[C[C[C[C[C[C[C[C[C[C[C[C[C[C[C[C[C[C[C[C[C[C[C[C[C[C[C[C[C[C[C[Cs.csv | cut -d',' -f3 > /mnt/scratch/FA23_CS131_Ashish/junf23/cs131/Work/Worksheet4/Subscribers/Subscribers/United_States.txt[K[A[A[C[C[C[C[C[C[C[C[C[C[C[C[C[C[C[C[C[C[C[C[C[C[C[C[C[C[C[C[C[C[C[C[C[C[C.csv | cut -d',' -f3 > /mnt/scratch/FA23_CS131_Ashish/junf23/cs131/Work/Worksheet4/Subscribers/Subscribers/United_States.txt [K[A[A[C[C[C[C[C[C[C[C[C[C[C[C[C[C[C[C[C[C[C[C[C[C[C[C[C[C[C[C[C[C[C[C[C[C[C[Cl.csv | cut -d',' -f3 > /mnt/scratch/FA23_CS131_Ashish/junf23/cs131/Work/Worksheet4/Subscribers/Subscribers/United_States.txtt[A[A[C[C[C[C[C[C[C[C[C[C[C[C[C[C[C[C[C[C[C[C[C[C[C[C[C[C[C[C[C[C[C[C[C[C[C[C*.csv | cut -d',' -f3 > /mnt/scratch/FA23_CS131_Ashish/junf23/cs131/Work/Worksheet4/Subscribers/Subscribers/United_States.txt[A[A[C[C[C[C[C[C[C[C[C[C[C[C[C[C[C[C[C[C[C[C[C[C[C[C[C[C[C[C[C[C[C[C[C[C[C[C


bash: /mnt/scratch/FA23_CS131_Ashish/junf23/cs131/Work/Worksheet4/Subscribers/Subscribers/United_States.txt: No such file or directory
bash-4.4$ grep "United States" Global*.csv | cut -d',' -f3 > /mnt/scratch/FA23_CSS131_Ashish/junf23/cs131/Work/Worksheet4/Subscribers/Subscribers/United_States.txxt[A[C[C[C[C[C[C[C[C[C[C[C[C[C[C[C[C[C[C[C[C[C[C[C[C[C[C[C[C[C[C[C[C[C[C[C[C[C[C[C[C[C[C[C[C[C[C[C[C[C[C[C[C[C[C[C[C[C[C[C[C[C[C[C[C[C[C[C[C[C[C[C[C[C[C[C[C[C[C[C[C[C'Subscribers/United_States.txt[A[C[C[C[C[C[C[C[C[C[C[C[C[C[C[C[C[C[C[C[C[C[C[C[C[C[C[C[C[C[C[C[C[C[C[C[C[C[C[C[C[C[C[C[C[C[C[C[C[C[C[C[C[C[C[C[C[C[C[C[C[C[C[C[C[C[C[C[C[C[C[C[C[C[C[C[C
[C[C[C'
bash: /mnt/scratch/FA23_CS131_Ashish/junf23/cs131/Work/Worksheet4/Subscribers/Subscribers/United_States.txt: No such file or directory
bash-4.4$ grep "United States" Global*.csv | cut -d',' -f3 > /mnt/scratch/FA23_CSS131_Ashish/junf23/cs131/Work/Worksheet4/Subscribers/'Subscribers/United_States.ttxt'[K[A[Abash-4.4$ grep "United States" Global*.csv | cut -d',' -f3 > /mnt/scratch/FA23_CS131_Ashish/junf23/cs131/Work/Worksheet4/Subscribers/'Subscribers/United_Statess.txt'[A[C[C[C[C[K
[K[A[C[C[C[C[C[C[C[C[C[Cgrep "United States" Global*.csv | cut -d',' -f3 > /mnt/scratch/FA23_CS131_Ashish/junf23/cs131/Work/Worksheet4/Subscribers/'Subscribers/United_Statess.txt'[A[C[C[C[C[C[C[C[C[C[C[C[C[C[C[C[C[C[C[C[C[C[C[C[C[C[C[C[C[C[C[C[C[C[C[C[C[C[C[C[C[C[C[C[C[C[C[C[C[C[C[C[C[C[C[C[C[C[C[C[C[C[C[C[C[C[C[C[C[C[C[C[C[C[C[C[C[C[C[C[C[C[C[C[C[C[C[C[C[C[C[C[C[C[C[C[C[C[C[C[C[C[C[C[C[C[C[C[C[C[C[C[C[C[C[C[C[C[C[C[C[C[C[C[C[C[C[C[C[C[C[C[C[C[C[C[C[C[C[C[C[C[C[C[C[C[C[C[C[C[C[C[C[C[C[C[C[Cmnt/scratch/FA23_CS131_Ashish/junf23/cs131/Work/Worksheet4/Subscribers/'Subscribers/United_States.[1Ptxt'[A[C[C[C[C[C[C[C[C[C[C[C[C[C[C[C[C[C[C[C[C[C[C[C[C[C[C[C[C[C[C[C[C[C[C[C[C[C[C[C[C[C[C[C[C[C[C[C[C[C[C[C[C[C[C[C[Cnt/scratch/FA23_CS131_Ashish/junf23/cs131/Work/Worksheet4/Subscribers/'Subscribers/United_States.t[1Pxt'[A[C[C[C[C[C[C[C[C[C[C[C[C[C[C[C[C[C[C[C[C[C[C[C[C[C[C[C[C[C[C[C[C[C[C[C[C[C[C[C[C[C[C[C[C[C[C[C[C[C[C[C[C[C[C[C[C[Ct/scratch/FA23_CS131_Ashish/junf23/cs131/Work/Worksheet4/Subscribers/'Subscribers/United_States.tx[1Pt'[A[C[C[C[C[C[C[C[C[C[C[C[C[C[C[C[C[C[C[C[C[C[C[C[C[C[C[C[C[C[C[C[C[C[C[C[C[C[C[C[C[C[C[C[C[C[C[C[C[C[C[C[C[C[C[C[C[C[C/scratch/FA23_CS131_Ashish/junf23/cs131/Work/Worksheet4/Subscribers/'Subscribers/United_States.txt[1P'[A[C[C[C[C[C[C[C[C[C[C[C[C[C[C[C[C[C[C[C[C[C[C[C[C[C[C[C[C[C[C[C[C[C[C[C[C[C[C[C[C[C[C[C[C[C[C[C[C[C[C[C[C[C[C[C[C[C[C[Cscratch/FA23_CS131_Ashish/junf23/cs131/Work/Worksheet4/Subscribers/'Subscribers/United_States.txt'[K[A[C[C[C[C[C[C[C[C[C[C[C[C[C[C[C[C[C[C[C[C[C[C[C[C[C[C[C[C[C[C[C[C[C[C[C[C[C[C[C[C[C[C[C[C[C[C[C[C[C[C[C[C[C[C[C[C[C[C[C[Ccratch/FA23_CS131_Ashish/junf23/cs131/Work/Worksheet4/Subscribers/'Subscribers/United_States.txt' [K[A[C[C[C[C[C[C[C[C[C[C[C[C[C[C[C[C[C[C[C[C[C[C[C[C[C[C[C[C[C[C[C[C[C[C[C[C[C[C[C[C[C[C[C[C[C[C[C[C[C[C[C[C[C[C[C[C[C[C[C[C[C[1Pratch/FA23_CS131_Ashish/junf23/cs131/Work/Worksheet4/Subscribers/'Subscribers/United_States.txt'
[K[A[C[C[C[C[C[C[C[C[C[C[C[C[C[C[C[C[C[C[C[C[C[C[C[C[C[C[C[C[C[C[C[C[C[C[C[C[C[C[C[C[C[C[C[C[C[C[C[C[C[C[C[C[C[C[C[C[C[C[C[C[C[1Patch/FA23_CS131_Ashish/junf23/cs131/Work/Worksheet4/Subscribers/'Subscribers/United_States.txt'[C[C[C[C[C[C[C[C[C[C[C[C[C[C[C[C[C[C[C[C[C[C[C[C[C[C[C[C[C[C[C[C[C[C[C[C[C[C[C[C[C[C[C[C[C[C[C[C[C[C[C[C[C[C[C[C[C[C[C[C[C[1Ptch/FA23_CS131_Ashish/junf23/cs131/Work/Worksheet4/Subscribers/'Subscribers/United_States.txt'[C[C[C[C[C[C[C[C[C[C[C[C[C[C[C[C[C[C[C[C[C[C[C[C[C[C[C[C[C[C[C[C[C[C[C[C[C[C[C[C[C[C[C[C[C[C[C[C[C[C[C[C[C[C[C[C[C[C[C[C[C[1Pch/FA23_CS131_Ashish/junf23/cs131/Work/Worksheet4/Subscribers/'Subscribers/United_States.txt'[C[C[C[C[C[C[C[C[C[C[C[C[C[C[C[C[C[C[C[C[C[C[C[C[C[C[C[C[C[C[C[C[C[C[C[C[C[C[C[C[C[C[C[C[C[C[C[C[C[C[C[C[C[C[C[C[C[C[C[C[C[1Ph/FA23_CS131_Ashish/junf23/cs131/Work/Worksheet4/Subscribers/'Subscribers/United_States.txt'[C[C[C[C[C[C[C[C[C[C[C[C[C[C[C[C[C[C[C[C[C[C[C[C[C[C[C[C[C[C[C[C[C[C[C[C[C[C[C[C[C[C[C[C[C[C[C[C[C[C[C[C[C[C[C[C[C[C[C[C[C[1P/FA23_CS131_Ashish/junf23/cs131/Work/Worksheet4/Subscribers/'Subscribers/United_States.txt'[C[C[C[C[C[C[C[C[C[C[C[C[C[C[C[C[C[C[C[C[C[C[C[C[C[C[C[C[C[C[C[C[C[C[C[C[C[C[C[C[C[C[C[C[C[C[C[C[C[C[C[C[C[C[C[C[C[C[C[C[C[1PFA23_CS131_Ashish/junf23/cs131/Work/Worksheet4/Subscribers/'Subscribers/United_States.txt'[C[C[C[C[C[C[C[C[C[C[C[C[C[C[C[C[C[C[C[C[C[C[C[C[C[C[C[C[C[C[C[C[C[C[C[C[C[C[C[C[C[C[C[C[C[C[C[C[C[C[C[C[C[C[C[C[C[C[C[C[C[1PA23_CS131_Ashish/junf23/cs131/Work/Worksheet4/Subscribers/'Subscribers/United_States.txt'[C[C[C[C[C[C[C[C[C[C[C[C[C[C[C[C[C[C[C[C[C[C[C[C[C[C[C[C[C[C[C[C[C[C[C[C[C[C[C[C[C[C[C[C[C[C[C[C[C[C[C[C[C[C[C[C[C[C[C[C[C[1P23_CS131_Ashish/junf23/cs131/Work/Worksheet4/Subscribers/'Subscribers/United_States.txt'[C[C[C[C[C[C[C[C[C[C[C[C[C[C[C[C[C[C[C[C[C[C[C[C[C[C[C[C[C[C[C[C[C[C[C[C[C[C[C[C[C[C[C[C[C[C[C[C[C[C[C[C[C[C[C[C[C[C[C[C[C[1P3_CS131_Ashish/junf23/cs131/Work/Worksheet4/Subscribers/'Subscribers/United_States.txt'[C[C[C[C[C[C[C[C[C[C[C[C[C[C[C[C[C[C[C[C[C[C[C[C[C[C[C[C[C[C[C[C[C[C[C[C[C[C[C[C[C[C[C[C[C[C[C[C[C[C[C[C[C[C[C[C[C[C[C[C[C[1P_CS131_Ashish/junf23/cs131/Work/Worksheet4/Subscribers/'Subscribers/United_States.txt'[C[C[C[C[C[C[C[C[C[C[C[C[C[C[C[C[C[C[C[C[C[C[C[C[C[C[C[C[C[C[C[C[C[C[C[C[C[C[C[C[C[C[C[C[C[C[C[C[C[C[C[C[C[C[C[C[C[C[C[C[C[1PCS131_Ashish/junf23/cs131/Work/Worksheet4/Subscribers/'Subscribers/United_States.txt'[C[C[C[C[C[C[C[C[C[C[C[C[C[C[C[C[C[C[C[C[C[C[C[C[C[C[C[C[C[C[C[C[C[C[C[C[C[C[C[C[C[C[C[C[C[C[C[C[C[C[C[C[C[C[C[C[C[C[C[C[C[1PS131_Ashish/junf23/cs131/Work/Worksheet4/Subscribers/'Subscribers/United_States.txt'[C[C[C[C[C[C[C[C[C[C[C[C[C[C[C[C[C[C[C[C[C[C[C[C[C[C[C[C[C[C[C[C[C[C[C[C[C[C[C[C[C[C[C[C[C[C[C[C[C[C[C[C[C[C[C[C[C[C[C[C[C[1P131_Ashish/junf23/cs131/Work/Worksheet4/Subscribers/'Subscribers/United_States.txt'[C[C[C[C[C[C[C[C[C[C[C[C[C[C[C[C[C[C[C[C[C[C[C[C[C[C[C[C[C[C[C[C[C[C[C[C[C[C[C[C[C[C[C[C[C[C[C[C[C[C[C[C[C[C[C[C[C[C[C[C[C[1P31_Ashish/junf23/cs131/Work/Worksheet4/Subscribers/'Subscribers/United_States.txt'[C[C[C[C[C[C[C[C[C[C[C[C[C[C[C[C[C[C[C[C[C[C[C[C[C[C[C[C[C[C[C[C[C[C[C[C[C[C[C[C[C[C[C[C[C[C[C[C[C[C[C[C[C[C[C[C[C[C[C[C[C[1P1_Ashish/junf23/cs131/Work/Worksheet4/Subscribers/'Subscribers/United_States.txt'[C[C[C[C[C[C[C[C[C[C[C[C[C[C[C[C[C[C[C[C[C[C[C[C[C[C[C[C[C[C[C[C[C[C[C[C[C[C[C[C[C[C[C[C[C[C[C[C[C[C[C[C[C[C[C[C[C[C[C[C[C[1P_Ashish/junf23/cs131/Work/Worksheet4/Subscribers/'Subscribers/United_States.txt'[C[C[C[C[C[C[C[C[C[C[C[C[C[C[C[C[C[C[C[C[C[C[C[C[C[C[C[C[C[C[C[C[C[C[C[C[C[C[C[C[C[C[C[C[C[C[C[C[C[C[C[C[C[C[C[C[C[C[C[C[C[1PAshish/junf23/cs131/Work/Worksheet4/Subscribers/'Subscribers/United_States.txt'[C[C[C[C[C[C[C[C[C[C[C[C[C[C[C[C[C[C[C[C[C[C[C[C[C[C[C[C[C[C[C[C[C[C[C[C[C[C[C[C[C[C[C[C[C[C[C[C[C[C[C[C[C[C[C[C[C[C[C[C[C[1Pshish/junf23/cs131/Work/Worksheet4/Subscribers/'Subscribers/United_States.txt'[C[C[C[C[C[C[C[C[C[C[C[C[C[C[C[C[C[C[C[C[C[C[C[C[C[C[C[C[C[C[C[C[C[C[C[C[C[C[C[C[C[C[C[C[C[C[C[C[C[C[C[C[C[C[C[C[C[C[C[C[C[1Phish/junf23/cs131/Work/Worksheet4/Subscribers/'Subscribers/United_States.txt'[C[C[C[C[C[C[C[C[C[C[C[C[C[C[C[C[C[C[C[C[C[C[C[C[C[C[C[C[C[C[C[C[C[C[C[C[C[C[C[C[C[C[C[C[C[C[C[C[C[C[C[C[C[C[C[C[C[C[C[C[C[1Pish/junf23/cs131/Work/Worksheet4/Subscribers/'Subscribers/United_States.txt'[C[C[C[C[C[C[C[C[C[C[C[C[C[C[C[C[C[C[C[C[C[C[C[C[C[C[C[C[C[C[C[C[C[C[C[C[C[C[C[C[C[C[C[C[C[C[C[C[C[C[C[C[C[C[C[C[C[C[C[C[C[1Psh/junf23/cs131/Work/Worksheet4/Subscribers/'Subscribers/United_States.txt'[C[C[C[C[C[C[C[C[C[C[C[C[C[C[C[C[C[C[C[C[C[C[C[C[C[C[C[C[C[C[C[C[C[C[C[C[C[C[C[C[C[C[C[C[C[C[C[C[C[C[C[C[C[C[C[C[C[C[C[C[C[1Ph/junf23/cs131/Work/Worksheet4/Subscribers/'Subscribers/United_States.txt'[C[C[C[C[C[C[C[C[C[C[C[C[C[C[C[C[C[C[C[C[C[C[C[C[C[C[C[C[C[C[C[C[C[C[C[C[C[C[C[C[C[C[C[C[C[C[C[C[C[C[C[C[C[C[C[C[C[C[C[C[C[1P/junf23/cs131/Work/Worksheet4/Subscribers/'Subscribers/United_States.txt'[C[C[C[C[C[C[C[C[C[C[C[C[C[C[C[C[C[C[C[C[C[C[C[C[C[C[C[C[C[C[C[C[C[C[C[C[C[C[C[C[C[C[C[C[C[C[C[C[C[C[C[C[C[C[C[C[C[C[C[C[C[1Pjunf23/cs131/Work/Worksheet4/Subscribers/'Subscribers/United_States.txt'[C[C[C[C[C[C[C[C[C[C[C[C[C[C[C[C[C[C[C[C[C[C[C[C[C[C[C[C[C[C[C[C[C[C[C[C[C[C[C[C[C[C[C[C[C[C[C[C[C[C[C[C[C[C[C[C[C[C[C[C[C[1Punf23/cs131/Work/Worksheet4/Subscribers/'Subscribers/United_States.txt'[C[C[C[C[C[C[C[C[C[C[C[C[C[C[C[C[C[C[C[C[C[C[C[C[C[C[C[C[C[C[C[C[C[C[C[C[C[C[C[C[C[C[C[C[C[C[C[C[C[C[C[C[C[C[C[C[C[C[C[C[C[1Pnf23/cs131/Work/Worksheet4/Subscribers/'Subscribers/United_States.txt'[C[C[C[C[C[C[C[C[C[C[C[C[C[C[C[C[C[C[C[C[C[C[C[C[C[C[C[C[C[C[C[C[C[C[C[C[C[C[C[C[C[C[C[C[C[C[C[C[C[C[C[C[C[C[C[C[C[C[C[C[C[1Pf23/cs131/Work/Worksheet4/Subscribers/'Subscribers/United_States.txt'[C[C[C[C[C[C[C[C[C[C[C[C[C[C[C[C[C[C[C[C[C[C[C[C[C[C[C[C[C[C[C[C[C[C[C[C[C[C[C[C[C[C[C[C[C[C[C[C[C[C[C[C[C[C[C[C[C[C[C[C[C[1P23/cs131/Work/Worksheet4/Subscribers/'Subscribers/United_States.txt'[C[C[C[C[C[C[C[C[C[C[C[C[C[C[C[C[C[C[C[C[C[C[C[C[C[C[C[C[C[C[C[C[C[C[C[C[C[C[C[C[C[C[C[C[C[C[C[C[C[C[C[C[C[C[C[C[C[C[C[C[C[1P3/cs131/Work/Worksheet4/Subscribers/'Subscribers/United_States.txt'[C[C[C[C[C[C[C[C[C[C[C[C[C[C[C[C[C[C[C[C[C[C[C[C[C[C[C[C[C[C[C[C[C[C[C[C[C[C[C[C[C[C[C[C[C[C[C[C[C[C[C[C[C[C[C[C[C[C[C[C[C[1P/cs131/Work/Worksheet4/Subscribers/'Subscribers/United_States.txt'[C[C[C[C[C[C[C[C[C[C[C[C[C[C[C[C[C[C[C[C[C[C[C[C[C[C[C[C[C[C[C[C[C[C[C[C[C[C[C[C[C[C[C[C[C[C[C[C[C[C[C[C[C[C[C[C[C[C[C[C[C[1Pcs131/Work/Worksheet4/Subscribers/'Subscribers/United_States.txt'[C[C[C[C[C[C[C[C[C[C[C[C[C[C[C[C[C[C[C[C[C[C[C[C[C[C[C[C[C[C[C[C[C[C[C[C[C[C[C[C[C[C[C[C[C[C[C[C[C[C[C[C[C[C[C[C[C[C[C[C[C[1Ps131/Work/Worksheet4/Subscribers/'Subscribers/United_States.txt'[C[C[C[C[C[C[C[C[C[C[C[C[C[C[C[C[C[C[C[C[C[C[C[C[C[C[C[C[C[C[C[C[C[C[C[C[C[C[C[C[C[C[C[C[C[C[C[C[C[C[C[C[C[C[C[C[C[C[C[C[C[1P131/Work/Worksheet4/Subscribers/'Subscribers/United_States.txt'[C[C[C[C[C[C[C[C[C[C[C[C[C[C[C[C[C[C[C[C[C[C[C[C[C[C[C[C[C[C[C[C[C[C[C[C[C[C[C[C[C[C[C[C[C[C[C[C[C[C[C[C[C[C[C[C[C[C[C[C[C[1P31/Work/Worksheet4/Subscribers/'Subscribers/United_States.txt'[1P1/Work/Worksheet4/Subscribers/'Subscribers/United_States.txt'[1P/Work/Worksheet4/Subscribers/'Subscribers/United_States.txt'[1PWork/Worksheet4/Subscribers/'Subscribers/United_States.txt'[1Pork/Worksheet4/Subscribers/'Subscribers/United_States.txt'[1Prk/Worksheet4/Subscribers/'Subscribers/United_States.txt'[1Pk/Worksheet4/Subscribers/'Subscribers/United_States.txt'[1P/Worksheet4/Subscribers/'Subscribers/United_States.txt'[1PWorksheet4/Subscribers/'Subscribers/United_States.txt'[1Porksheet4/Subscribers/'Subscribers/United_States.txt'[1Prksheet4/Subscribers/'Subscribers/United_States.txt'[1Pksheet4/Subscribers/'Subscribers/United_States.txt'[1Psheet4/Subscribers/'Subscribers/United_States.txt'[1Pheet4/Subscribers/'Subscribers/United_States.txt'[1Peet4/Subscribers/'Subscribers/United_States.txt'[C[1Pt4/Subscribers/'Subscribers/United_States.txt'[1Pt4/Subscribers/'Subscribers/United_States.txt'[1P4/Subscribers/'Subscribers/United_States.txt'[1P/Subscribers/'Subscribers/United_States.txt'[1PSubscribers/'Subscribers/United_States.txt'[1Pubscribers/'Subscribers/United_States.txt'[1Pbscribers/'Subscribers/United_States.txt'[1Pscribers/'Subscribers/United_States.txt'[1Pcribers/'Subscribers/United_States.txt'[1Pribers/'Subscribers/United_States.txt'[1Pibers/'Subscribers/United_States.txt'[1Pbers/'Subscribers/United_States.txt'[1Pers/'Subscribers/United_States.txt'[1Prs/'Subscribers/United_States.txt'[1Ps/'Subscribers/United_States.txt'[1P/'Subscribers/United_States.txt'[1P'Subscribers/United_States.txt'
bash-4.4$ ls
'Global YouTube Statistics.csv'   sample.txt   Subscribers   ws4.txt
bash-4.4$ cd Subscribers
bash-4.4$ ls
United_States.txt
bash-4.4$ cat uni[K[K[K[KU[K Unit*.txt
170000000
166000000
162000000
98900000
96000000
75000000
68200000
59500000
59500000
56900000
56400000
52900000
52700000
52200000
47900000
46600000
44200000
42400000
42400000
40900000
39200000
38600000
38200000
38200000
38000000
37600000
36700000
36600000
36300000
35200000
35200000
34900000
33700000
33600000
32800000
32700000
31700000
31700000
31600000
31600000
31200000
30700000
30700000
30400000
30200000
30100000
29600000
29200000
28400000
28200000
27500000
27500000
27300000
27000000
26700000
26700000
26500000
26400000
26200000
26100000
25700000
25700000
25600000
25500000
25400000
25200000
25100000
24800000
24700000
24600000
24600000
24400000
24100000
24100000
24100000
24000000
23900000
23900000
23900000
23800000
23800000
23700000
23700000
23600000
23600000
23300000
23200000
23200000
23100000
23100000
22900000
22700000
22600000
22600000
22600000
22500000
22500000
22300000
22200000
22000000
22000000
21900000
21900000
21900000
21800000
21800000
21600000
21500000
21300000
21300000
21300000
21100000
21000000
21000000
21000000
20900000
20900000
20900000
20700000
20700000
20700000
20500000
20400000
20200000
20100000
20100000
20100000
20100000
20100000
20100000
20100000
20000000
20000000
19800000
19800000
19700000
19700000
19600000
19600000
19600000
19600000
19200000
19100000
19100000
18800000
18800000
18600000
18400000
18400000
18300000
18300000
18100000
18100000
18000000
18000000
18000000
17900000
17900000
17900000
17900000
17900000
17900000
17800000
17700000
17500000
17400000
17300000
17200000
17100000
17000000
16900000
16900000
16900000
16900000
16700000
16700000
16600000
16500000
16500000
16400000
16400000
16300000
16300000
16300000
16300000
16300000
16200000
16200000
16200000
16100000
16100000
16100000
15900000
15900000
15900000
15800000
15700000
15600000
15500000
15500000
15400000
15400000
15400000
15300000
15200000
15100000
15100000
15100000
15000000
15000000
15000000
15000000
15000000
14900000
14900000
14900000
14800000
14800000
14800000
14800000
14800000
14800000
14700000
14700000
14700000
14700000
14700000
14700000
14600000
14600000
14600000
14600000
14500000
14500000
14500000
14500000
14500000
14500000
14400000
14400000
14400000
14400000
14400000
14400000
14300000
14300000
14200000
14100000
14100000
14000000
13900000
13900000
13900000
13900000
13800000
13600000
13600000
13600000
13500000
13500000
13400000
13400000
13400000
13400000
13400000
13300000
13300000
13300000
13300000
13300000
13300000
13300000
13200000
13200000
13100000
13100000
13100000
13000000
13000000
12900000
12900000
12900000
12800000
12800000
12700000
12700000
12700000
12700000
12700000
12600000
12600000
12500000
12500000
12500000
12500000
12400000
12400000
12400000
12400000
12400000
12400000
Binary file Global YouTube Statistics.csv matches
bash-4.4$ ls
United_States.txt
bash-4.4$ cd ..
bash-4.4$ ls
'Global YouTube Statistics.csv'   sample.txt   Subscribers   ws4.txt
bash-4.4$ lscd ..[3Plscat Unit*.txt[C[C[C[C[C[C[C[C[C[Cls[Kcd Subscribers[C[C[C[C[C[C[C[C[C[Cls[Kgrep "United States" Global*.csv | cut -d',' -f3 > 'Subscribers/United_States.txt'[C[C[C[1P[1P[1P[1P[1P[1P[1P[1P[1P[1P[1P[1P[1P[1@I[1@n[1@d[1@i[1@a[C[C[C[C[C[C[C[C[C[C[C[C[C[C[C[C[C[C[C[C[C[C[C[C[C[C[C[C[C[C[C[C[C[C[C[C[C[C[C[C[C[C[C[C[C[C[C[C[C[C[C[C[C[C[C[C[C[1Ps.txt'[1Ps.txt'[1Ps.txt'[1Ps.txt'[1Ps.txt'[1Ps.txt'[1Ps.txt'[1Ps.txt'[1Ps.txt'[1Ps.txt'[1Ps.txt'[1Ps.txt'[C[1P.txt'I.txt'n.txt'd.txt'i.txt'a.txt'
bash-4.4$ ls[K[Kls
'Global YouTube Statistics.csv'   sample.txt   Subscribers   ws4.txt
bash-4.4$ cd Subscribers
bash-4.4$ ls
India.txt  United_States.txt
bash-4.4$ wc -l Uniteed[K[Kd_S[KStates.txt
302 United_States.txt
bash-4.4$ Pas[K[K[Kpaste -ds[K[Ksd+ United_States.txt [1@s[1@u[1@m[1@=[1@$[1@9[1P[1@([C[C[C[C[C[C[C[C[C[C[C[C[C[C[C[C[C[C[C[C[C[C[C[C[C[C[C[C[C[C | [C b c ) 
(standard_in) 1: syntax error
bash-4.4$ echo "$(paste -sd+ nu[K[KUnited_States.txt | bc) / 302" [Kbc[K[K |bc[K[K bc > ws4_means.txt
(standard_in) 1: syntax error
(standard_in) 1: syntax error
bash-4.4$ ls
India.txt  United_States.txt  ws4_means.txt
bash-4.4$ cat ws*.txt
bash-4.4$ rm[K[Kawk '{total += $1 } END {print tpta; /[K[K[K[K[K[Kotal/NR}' /NR}'[C NR}'[C[C[C[C [K United_States.txt >> ws4_means.txt
bash-4.4$ cat we[Ks4*.txt
2.30897e+07
bash-4.4$ cat ws4*.txt[C[C[C[C[C[C[C[C[C[Cawk '{total += $1 } END {print total / NR}' United_States.txt >> ws4_means.txt[1P[1P[1P[1P[1P[1P[1P[1P[1P[1P[1P[1P[1P[1@I[1@n[1@d[1@i[1@a
bash-4.4$ catawk '{total += $1 } END {print total / NR}' India.txt >> ws4_means.txt[C[C[C[C[C[C[C[C[C[Ccat ws4*.txt[K
2.30897e+07
25596000
bash-4.4$ vim ws*.tt[Kxt
[?2004h[?1049h[22;0;0t[?1h=[?2004h[1;41r[?12h[?12l[27m[23m[29m[m[H[2J[?25l[41;1H"ws4_means.txt" 2L, 21C[2;1Hâ–½[6n[2;1H  [1;1H[>c]10;?]11;?[1;1H2.30897e+07
25596000
[94m~                                                                                                                                                             [4;1H~                                                                                                                                                             [5;1H~                                                                                                                                                             [6;1H~                                                                                                                                                             [7;1H~                                                                                                                                                             [8;1H~                                                                                                                                                             [9;1H~                                                                                                                                                             [10;1H~                                                                                                                                                             [11;1H~                                                                                                                                                             [12;1H~                                                                                                                                                             [13;1H~                                                                                                                                                             [14;1H~                                                                                                                                                             [15;1H~                                                                                                                                                             [16;1H~                                                                                                                                                             [17;1H~                                                                                                                                                             [18;1H~                                                                                                                                                             [19;1H~                                                                                                                                                             [20;1H~                                                                                                                                                             [21;1H~                                                                                                                                                             [22;1H~                                                                                                                                                             [23;1H~                                                                                                                                                             [24;1H~                                                                                                                                                             [25;1H~                                                                                                                                                             [26;1H~                                                                                                                                                             [27;1H~                                                                                                                                                             [28;1H~                                                                                                                                                             [29;1H~                                                                                                                                                             [30;1H~                                                                                                                                                             [31;1H~                                                                                                                                                             [32;1H~                                                                                                                                                             [33;1H~                                                                                                                                                             [34;1H~                                                                                                                                                             [35;1H~                                                                                                                                                             [36;1H~                                                                                                                                                             [37;1H~                                                                                                                                                             [38;1H~                                                                                                                                                             [39;1H~                                                                                                                                                             [40;1H~                                                                                                                                                             [m[41;141H1,1[11CAll[1;1H[?25hP+q436f\P+q6b75\P+q6b64\P+q6b72\P+q6b6c\P+q2332\P+q2334\P+q2569\P+q2a37\P+q6b31\[27m[23m[29m[m[H[2J[?25l[1;1H2.30897e+07
25596000
[94m~                                                                                                                                                             [4;1H~                                                                                                                                                             [5;1H~                                                                                                                                                             [6;1H~                                                                                                                                                             [7;1H~                                                                                                                                                             [8;1H~                                                                                                                                                             [9;1H~                                                                                                                                                             [10;1H~                                                                                                                                                             [11;1H~                                                                                                                                                             [12;1H~                                                                                                                                                             [13;1H~                                                                                                                                                             [14;1H~                                                                                                                                                             [15;1H~                                                                                                                                                             [16;1H~                                                                                                                                                             [17;1H~                                                                                                                                                             [18;1H~                                                                                                                                                             [19;1H~                                                                                                                                                             [20;1H~                                                                                                                                                             [21;1H~                                                                                                                                                             [22;1H~                                                                                                                                                             [23;1H~                                                                                                                                                             [24;1H~                                                                                                                                                             [25;1H~                                                                                                                                                             [26;1H~                                                                                                                                                             [27;1H~                                                                                                                                                             [28;1H~                                                                                                                                                             [29;1H~                                                                                                                                                             [30;1H~                                                                                                                                                             [31;1H~                                                                                                                                                             [32;1H~                                                                                                                                                             [33;1H~                                                                                                                                                             [34;1H~                                                                                                                                                             [35;1H~                                                                                                                                                             [36;1H~                                                                                                                                                             [37;1H~                                                                                                                                                             [38;1H~                                                                                                                                                             [39;1H~                                                                                                                                                             [40;1H~                                                                                                                                                             [m[41;141H1,1[11CAll"ws4_means.txt" 2L, 21C[1;1H[?25h[?25l[41;131H^M[1;1H[41;131H  [2;1H[41;141H2[2;1H[?25h[?25l[41;131H~@k[2;1H[41;131H   [1;1H[41;141H1[1;1H[?25h[?25l[41;131Ha[1;1H[41;131H [1;2H[41;1H[1m-- INSERT --[m[41;13H[K[41;141H1,2[11CAll[1;2H[?25h[?25l[41;143H1[1;1H[?25h[?25l[2;40r[2;1H[L[1;41r[1;1H[K[2;1H2.30897e+07[41;141H[K[41;141H2,1[11CAll[2;1H[?25h[?25l[41;141H1[1;1H[?25h[?25lA[41;143H2[1;2H[?25h[?25lv[41;143H3[1;3H[?25h[?25le[41;143H4[1;4H[?25h[?25lr[41;143H5[1;5H[?25h[?25lg[41;143H6[1;6H[?25h[?25le[41;143H7[1;7H[?25h[?25lr[41;143H8[1;8H[?25h[?25l[41;143H9[1;9H[?25h[?25lv[41;143H10[1;10H[?25h[?25la[41;144H1[1;11H[?25h[?25l[1;10H[K[41;144H0[1;10H[?25h[?25l[1;9H[K[41;143H9 [1;9H[?25h[?25l[41;143H8[1;8H[?25h[?25l[1;7H[K[41;143H7[1;7H[?25h[?25l[1;6H[K[41;143H6[1;6H[?25h[?25l[1;5H[K[41;143H5[1;5H[?25h[?25l[1;4H[K[41;143H4[1;4H[?25h[?25lr[41;143H5[1;5H[?25h[?25la[41;143H6[1;6H[?25h[?25lg[41;143H7[1;7H[?25h[?25le[41;143H8[1;8H[?25h[?25l[41;143H9[1;9H[?25h[?25lv[41;143H10[1;10H[?25h[?25la[41;144H1[1;11H[?25h[?25ll[41;144H2[1;12H[?25h[?25lu[41;144H3[1;13H[?25h[?25le[41;144H4[1;14H[?25h[?25l[41;144H5[1;15H[?25h[?25lo[41;144H6[1;16H[?25h[?25lf[41;144H7[1;17H[?25h[?25l[41;144H8[1;18H[?25h[?25ls[41;144H9[1;19H[?25h[?25lu[41;143H20[1;20H[?25h[?25lb[41;144H1[1;21H[?25h[?25ls[41;144H2[1;22H[?25h[?25lc[41;144H3[1;23H[?25h[?25lr[41;144H4[1;24H[?25h[?25li[41;144H5[1;25H[?25h[?25lb[41;144H6[1;26H[?25h[?25le[41;144H7[1;27H[?25h[?25lr[41;144H8[1;28H[?25h[?25ls[41;144H9[1;29H[?25h[?25l[41;143H30[1;30H[?25h[?25lf[41;144H1[1;31H[?25h[?25lo[41;144H2[1;32H[?25h[?25lr[41;144H3[1;33H[?25h[?25l[41;144H4[1;34H[?25h[?25lU[41;144H5[1;35H[?25h[?25ln[41;144H6[1;36H[?25h[?25li[41;144H7[1;37H[?25h[?25lt[41;144H8[1;38H[?25h[?25le[41;144H9[1;39H[?25h[?25ld[41;143H40[1;40H[?25h[?25l[41;144H1[1;41H[?25h[?25lS[41;144H2[1;42H[?25h[?25la[41;144H3[1;43H[?25h[?25lt[41;144H4[1;44H[?25h[?25le[41;144H5[1;45H[?25h[?25l[1;44H[K[41;144H4[1;44H[?25h[?25l[1;43H[K[41;144H3[1;43H[?25h[?25l[1;42H[K[41;144H2[1;42H[?25h[?25lt[41;144H3[1;43H[?25h[?25la[41;144H4[1;44H[?25h[?25lt[41;144H5[1;45H[?25h[?25le[41;144H6[1;46H[?25h[?25ls[41;144H7[1;47H[?25h[?25l:[41;144H8[1;48H[?25h[?25l[41;141H2,12[2;12H[?25h[?25l[3;40r[3;1H[L[1;41r[41;141H[K[41;141H3,1[11CAll[3;1H[?25h[?25l[4;40r[4;1H[L[1;41r[41;141H[K[41;141H4,1[11CAll[4;1H[?25h[?25lA[41;143H2[4;2H[?25h[?25lv[41;143H3[4;3H[?25h[?25le[41;143H4[4;4H[?25h[?25lr[41;143H5[4;5H[?25h[?25la[41;143H6[4;6H[?25h[?25lv[41;143H7[4;7H[?25h[?25la[41;143H8[4;8H[?25h[?25l[4;7H[K[41;143H7[4;7H[?25h[?25l[4;6H[K[41;143H6[4;6H[?25h[?25lg[41;143H7[4;7H[?25h[?25le[41;143H8[4;8H[?25h[?25l[41;143H9[4;9H[?25h[?25lv[41;143H10[4;10H[?25h[?25la[41;144H1[4;11H[?25h[?25ll[41;144H2[4;12H[?25h[?25lu[41;144H3[4;13H[?25h[?25le[41;144H4[4;14H[?25h[?25l[41;144H5[4;15H[?25h[?25lo[41;144H6[4;16H[?25h[?25lf[41;144H7[4;17H[?25h[?25l[41;144H8[4;18H[?25h[?25ls[41;144H9[4;19H[?25h[?25lu[41;143H20[4;20H[?25h[?25lb[41;144H1[4;21H[?25h[?25ls[41;144H2[4;22H[?25h[?25lc[41;144H3[4;23H[?25h[?25lr[41;144H4[4;24H[?25h[?25li[41;144H5[4;25H[?25h[?25lb[41;144H6[4;26H[?25h[?25le[41;144H7[4;27H[?25h[?25lr[41;144H8[4;28H[?25h[?25ls[41;144H9[4;29H[?25h[?25l[41;143H30[4;30H[?25h[?25lf[41;144H1[4;31H[?25h[?25lo[41;144H2[4;32H[?25h[?25lr[41;144H3[4;33H[?25h[?25l[41;144H4[4;34H[?25h[?25lI[41;144H5[4;35H[?25h[?25ln[41;144H6[4;36H[?25h[?25ld[41;144H7[4;37H[?25h[?25li[41;144H8[4;38H[?25h[?25la[41;144H9[4;39H[?25h[?25l:[41;143H40[4;40H[?25h[41;1H[K[4;39H[?25l[41;131H^[[4;39H[41;131H  [4;40H[41;141H4,39[10CAll[4;39H[?25h[?25l[41;131H:[4;39H[41;131H[K[41;1H:[?2004h[?25hw[?25l[?25hq[?25l[?25h[?25l[?2004l"ws4_means.txt" 5L, 110C written
[?2004l[?1l>[?25h[?1049l[23;0;0tbash-4.4$ ls
India.txt  United_States.txt  ws4_means.txt
bash-4.4$ history >cmds.log
bash-4.4$ ls
cmds.log  India.txt  United_States.txt	ws4_means.txt
bash-4.4$ exit
exit

Script done on 2023-10-04 15:22:18-04:00
